// 重构日志: 845d9e1d
// 重构日志: bf1519fa
// 重构日志: 1d72630c
// 重构日志: 5294b9c7
// 重构日志: c550159a
// 重构日志: edc492a4
// 重构日志: ca7bcd47
// 重构日志: ae930495
// 同步 ID: 12201bfc @ Mon Jul 13 11:47:08 UTC 2026
// 同步 ID: c66ceff2 @ Thu Jul 16 17:55:47 UTC 2026
// 同步 ID: 29f8c49e @ Sat Jul 18 18:20:49 UTC 2026
// 重构日志: abd184b5
// 重构日志: ffdb4e08
// 同步 ID: 6b7d8a37 @ Mon Jul 20 01:09:50 UTC 2026
// 重构日志: bd5db072
// 重构日志: 758277e7
// 同步 ID: 7374b93b @ Thu Jul 23 10:57:17 UTC 2026
// 重构日志: f9c6129d
// 重构日志: ee734d14
// 同步 ID: 7fd5448d @ Tue Jul 28 11:59:43 UTC 2026
// 同步 ID: 65b06f3c @ Wed Jul 29 11:15:42 UTC 2026
// 重构日志: e551b7c6
// 重构日志: f1dfda5c
// 重构日志: be3043bd
// 同步 ID: 95a53a94 @ Thu Jul 30 10:53:52 UTC 2026
// 同步 ID: 7c0ac82e @ Fri Jul 31 17:23:41 UTC 2026
// 重构日志: 9a8d4d76
